Archive member included to satisfy reference by file (symbol)

c:/st/stm32cubeide_1.12.0/stm32cubeide/plugins/com.st.stm32cube.ide.mcu.externaltools.gnu-tools-for-stm32.10.3-2021.10.win32_1.0.200.202301161003/tools/bin/../lib/gcc/arm-none-eabi/10.3.1/../../../../arm-none-eabi/lib/thumb/v6-m/nofp\libc_nano.a(lib_a-errno.o)
                              ./Src/syscalls.o (__errno)
c:/st/stm32cubeide_1.12.0/stm32cubeide/plugins/com.st.stm32cube.ide.mcu.externaltools.gnu-tools-for-stm32.10.3-2021.10.win32_1.0.200.202301161003/tools/bin/../lib/gcc/arm-none-eabi/10.3.1/../../../../arm-none-eabi/lib/thumb/v6-m/nofp\libc_nano.a(lib_a-exit.o)
                              c:/st/stm32cubeide_1.12.0/stm32cubeide/plugins/com.st.stm32cube.ide.mcu.externaltools.gnu-tools-for-stm32.10.3-2021.10.win32_1.0.200.202301161003/tools/bin/../lib/gcc/arm-none-eabi/10.3.1/../../../../arm-none-eabi/lib/thumb/v6-m/nofp/crt0.o (exit)
c:/st/stm32cubeide_1.12.0/stm32cubeide/plugins/com.st.stm32cube.ide.mcu.externaltools.gnu-tools-for-stm32.10.3-2021.10.win32_1.0.200.202301161003/tools/bin/../lib/gcc/arm-none-eabi/10.3.1/../../../../arm-none-eabi/lib/thumb/v6-m/nofp\libc_nano.a(lib_a-impure.o)
                              c:/st/stm32cubeide_1.12.0/stm32cubeide/plugins/com.st.stm32cube.ide.mcu.externaltools.gnu-tools-for-stm32.10.3-2021.10.win32_1.0.200.202301161003/tools/bin/../lib/gcc/arm-none-eabi/10.3.1/../../../../arm-none-eabi/lib/thumb/v6-m/nofp\libc_nano.a(lib_a-exit.o) (_global_impure_ptr)
c:/st/stm32cubeide_1.12.0/stm32cubeide/plugins/com.st.stm32cube.ide.mcu.externaltools.gnu-tools-for-stm32.10.3-2021.10.win32_1.0.200.202301161003/tools/bin/../lib/gcc/arm-none-eabi/10.3.1/../../../../arm-none-eabi/lib/thumb/v6-m/nofp\libc_nano.a(lib_a-init.o)
                              c:/st/stm32cubeide_1.12.0/stm32cubeide/plugins/com.st.stm32cube.ide.mcu.externaltools.gnu-tools-for-stm32.10.3-2021.10.win32_1.0.200.202301161003/tools/bin/../lib/gcc/arm-none-eabi/10.3.1/../../../../arm-none-eabi/lib/thumb/v6-m/nofp/crt0.o (__libc_init_array)
c:/st/stm32cubeide_1.12.0/stm32cubeide/plugins/com.st.stm32cube.ide.mcu.externaltools.gnu-tools-for-stm32.10.3-2021.10.win32_1.0.200.202301161003/tools/bin/../lib/gcc/arm-none-eabi/10.3.1/../../../../arm-none-eabi/lib/thumb/v6-m/nofp\libc_nano.a(lib_a-memset.o)
                              c:/st/stm32cubeide_1.12.0/stm32cubeide/plugins/com.st.stm32cube.ide.mcu.externaltools.gnu-tools-for-stm32.10.3-2021.10.win32_1.0.200.202301161003/tools/bin/../lib/gcc/arm-none-eabi/10.3.1/../../../../arm-none-eabi/lib/thumb/v6-m/nofp/crt0.o (memset)

Discarded input sections

 .text          0x0000000000000000        0x0 c:/st/stm32cubeide_1.12.0/stm32cubeide/plugins/com.st.stm32cube.ide.mcu.externaltools.gnu-tools-for-stm32.10.3-2021.10.win32_1.0.200.202301161003/tools/bin/../lib/gcc/arm-none-eabi/10.3.1/thumb/v6-m/nofp/crti.o
 .data          0x0000000000000000        0x0 c:/st/stm32cubeide_1.12.0/stm32cubeide/plugins/com.st.stm32cube.ide.mcu.externaltools.gnu-tools-for-stm32.10.3-2021.10.win32_1.0.200.202301161003/tools/bin/../lib/gcc/arm-none-eabi/10.3.1/thumb/v6-m/nofp/crti.o
 .bss           0x0000000000000000        0x0 c:/st/stm32cubeide_1.12.0/stm32cubeide/plugins/com.st.stm32cube.ide.mcu.externaltools.gnu-tools-for-stm32.10.3-2021.10.win32_1.0.200.202301161003/tools/bin/../lib/gcc/arm-none-eabi/10.3.1/thumb/v6-m/nofp/crti.o
 .data          0x0000000000000000        0x4 c:/st/stm32cubeide_1.12.0/stm32cubeide/plugins/com.st.stm32cube.ide.mcu.externaltools.gnu-tools-for-stm32.10.3-2021.10.win32_1.0.200.202301161003/tools/bin/../lib/gcc/arm-none-eabi/10.3.1/thumb/v6-m/nofp/crtbegin.o
 .rodata        0x0000000000000000       0x24 c:/st/stm32cubeide_1.12.0/stm32cubeide/plugins/com.st.stm32cube.ide.mcu.externaltools.gnu-tools-for-stm32.10.3-2021.10.win32_1.0.200.202301161003/tools/bin/../lib/gcc/arm-none-eabi/10.3.1/thumb/v6-m/nofp/crtbegin.o
 .text          0x0000000000000000       0x80 c:/st/stm32cubeide_1.12.0/stm32cubeide/plugins/com.st.stm32cube.ide.mcu.externaltools.gnu-tools-for-stm32.10.3-2021.10.win32_1.0.200.202301161003/tools/bin/../lib/gcc/arm-none-eabi/10.3.1/../../../../arm-none-eabi/lib/thumb/v6-m/nofp/crt0.o
 .data          0x0000000000000000        0x0 c:/st/stm32cubeide_1.12.0/stm32cubeide/plugins/com.st.stm32cube.ide.mcu.externaltools.gnu-tools-for-stm32.10.3-2021.10.win32_1.0.200.202301161003/tools/bin/../lib/gcc/arm-none-eabi/10.3.1/../../../../arm-none-eabi/lib/thumb/v6-m/nofp/crt0.o
 .bss           0x0000000000000000        0x0 c:/st/stm32cubeide_1.12.0/stm32cubeide/plugins/com.st.stm32cube.ide.mcu.externaltools.gnu-tools-for-stm32.10.3-2021.10.win32_1.0.200.202301161003/tools/bin/../lib/gcc/arm-none-eabi/10.3.1/../../../../arm-none-eabi/lib/thumb/v6-m/nofp/crt0.o
 .ARM.extab     0x0000000000000000        0x0 c:/st/stm32cubeide_1.12.0/stm32cubeide/plugins/com.st.stm32cube.ide.mcu.externaltools.gnu-tools-for-stm32.10.3-2021.10.win32_1.0.200.202301161003/tools/bin/../lib/gcc/arm-none-eabi/10.3.1/../../../../arm-none-eabi/lib/thumb/v6-m/nofp/crt0.o
 .ARM.exidx     0x0000000000000000       0x10 c:/st/stm32cubeide_1.12.0/stm32cubeide/plugins/com.st.stm32cube.ide.mcu.externaltools.gnu-tools-for-stm32.10.3-2021.10.win32_1.0.200.202301161003/tools/bin/../lib/gcc/arm-none-eabi/10.3.1/../../../../arm-none-eabi/lib/thumb/v6-m/nofp/crt0.o
 .ARM.attributes
                0x0000000000000000       0x1b c:/st/stm32cubeide_1.12.0/stm32cubeide/plugins/com.st.stm32cube.ide.mcu.externaltools.gnu-tools-for-stm32.10.3-2021.10.win32_1.0.200.202301161003/tools/bin/../lib/gcc/arm-none-eabi/10.3.1/../../../../arm-none-eabi/lib/thumb/v6-m/nofp/crt0.o
 .group         0x0000000000000000        0xc ./Src/adc.o
 .group         0x0000000000000000        0xc ./Src/adc.o
 .group         0x0000000000000000        0xc ./Src/adc.o
 .group         0x0000000000000000        0xc ./Src/adc.o
 .group         0x0000000000000000        0xc ./Src/adc.o
 .group         0x0000000000000000        0xc ./Src/adc.o
 .group         0x0000000000000000        0xc ./Src/adc.o
 .group         0x0000000000000000        0xc ./Src/adc.o
 .group         0x0000000000000000        0xc ./Src/adc.o
 .group         0x0000000000000000        0xc ./Src/adc.o
 .group         0x0000000000000000        0xc ./Src/adc.o
 .text          0x0000000000000000        0x0 ./Src/adc.o
 .data          0x0000000000000000        0x0 ./Src/adc.o
 .bss           0x0000000000000000        0x0 ./Src/adc.o
 .group         0x0000000000000000        0xc ./Src/fifo.o
 .group         0x0000000000000000        0xc ./Src/fifo.o
 .group         0x0000000000000000        0xc ./Src/fifo.o
 .group         0x0000000000000000        0xc ./Src/fifo.o
 .group         0x0000000000000000        0xc ./Src/fifo.o
 .group         0x0000000000000000        0xc ./Src/fifo.o
 .group         0x0000000000000000        0xc ./Src/fifo.o
 .text          0x0000000000000000        0x0 ./Src/fifo.o
 .data          0x0000000000000000        0x0 ./Src/fifo.o
 .bss           0x0000000000000000        0x0 ./Src/fifo.o
 .text.fifo_clear
                0x0000000000000000       0x54 ./Src/fifo.o
 .debug_macro   0x0000000000000000      0xa54 ./Src/fifo.o
 .debug_macro   0x0000000000000000       0x22 ./Src/fifo.o
 .debug_macro   0x0000000000000000       0x8e ./Src/fifo.o
 .debug_macro   0x0000000000000000       0x51 ./Src/fifo.o
 .debug_macro   0x0000000000000000      0x103 ./Src/fifo.o
 .debug_macro   0x0000000000000000       0x6a ./Src/fifo.o
 .debug_macro   0x0000000000000000      0x1df ./Src/fifo.o
 .group         0x0000000000000000        0xc ./Src/gpio.o
 .group         0x0000000000000000        0xc ./Src/gpio.o
 .group         0x0000000000000000        0xc ./Src/gpio.o
 .group         0x0000000000000000        0xc ./Src/gpio.o
 .group         0x0000000000000000        0xc ./Src/gpio.o
 .group         0x0000000000000000        0xc ./Src/gpio.o
 .group         0x0000000000000000        0xc ./Src/gpio.o
 .group         0x0000000000000000        0xc ./Src/gpio.o
 .group         0x0000000000000000        0xc ./Src/gpio.o
 .group         0x0000000000000000        0xc ./Src/gpio.o
 .text          0x0000000000000000        0x0 ./Src/gpio.o
 .data          0x0000000000000000        0x0 ./Src/gpio.o
 .bss           0x0000000000000000        0x0 ./Src/gpio.o
 .debug_macro   0x0000000000000000      0xa54 ./Src/gpio.o
 .debug_macro   0x0000000000000000       0x22 ./Src/gpio.o
 .debug_macro   0x0000000000000000       0x8e ./Src/gpio.o
 .debug_macro   0x0000000000000000       0x51 ./Src/gpio.o
 .debug_macro   0x0000000000000000      0x103 ./Src/gpio.o
 .debug_macro   0x0000000000000000       0x6a ./Src/gpio.o
 .debug_macro   0x0000000000000000      0x1df ./Src/gpio.o
 .debug_macro   0x0000000000000000      0x163 ./Src/gpio.o
 .debug_macro   0x0000000000000000       0xa7 ./Src/gpio.o
 .group         0x0000000000000000        0xc ./Src/hal.o
 .group         0x0000000000000000        0xc ./Src/hal.o
 .group         0x0000000000000000        0xc ./Src/hal.o
 .group         0x0000000000000000        0xc ./Src/hal.o
 .group         0x0000000000000000        0xc ./Src/hal.o
 .group         0x0000000000000000        0xc ./Src/hal.o
 .group         0x0000000000000000        0xc ./Src/hal.o
 .group         0x0000000000000000        0xc ./Src/hal.o
 .group         0x0000000000000000        0xc ./Src/hal.o
 .group         0x0000000000000000        0xc ./Src/hal.o
 .group         0x0000000000000000        0xc ./Src/hal.o
 .group         0x0000000000000000        0xc ./Src/hal.o
 .group         0x0000000000000000        0xc ./Src/hal.o
 .group         0x0000000000000000        0xc ./Src/hal.o
 .text          0x0000000000000000        0x0 ./Src/hal.o
 .data          0x0000000000000000        0x0 ./Src/hal.o
 .bss           0x0000000000000000        0x0 ./Src/hal.o
 .text.send_cmd
                0x0000000000000000       0x84 ./Src/hal.o
 .debug_macro   0x0000000000000000      0xa54 ./Src/hal.o
 .debug_macro   0x0000000000000000       0x22 ./Src/hal.o
 .debug_macro   0x0000000000000000       0x8e ./Src/hal.o
 .debug_macro   0x0000000000000000       0x51 ./Src/hal.o
 .debug_macro   0x0000000000000000      0x103 ./Src/hal.o
 .debug_macro   0x0000000000000000       0x6a ./Src/hal.o
 .debug_macro   0x0000000000000000      0x1df ./Src/hal.o
 .debug_macro   0x0000000000000000      0x163 ./Src/hal.o
 .debug_macro   0x0000000000000000       0xa7 ./Src/hal.o
 .debug_macro   0x0000000000000000       0x5e ./Src/hal.o
 .debug_macro   0x0000000000000000       0x6a ./Src/hal.o
 .group         0x0000000000000000        0xc ./Src/main.o
 .group         0x0000000000000000        0xc ./Src/main.o
 .group         0x0000000000000000        0xc ./Src/main.o
 .group         0x0000000000000000        0xc ./Src/main.o
 .group         0x0000000000000000        0xc ./Src/main.o
 .group         0x0000000000000000        0xc ./Src/main.o
 .group         0x0000000000000000        0xc ./Src/main.o
 .group         0x0000000000000000        0xc ./Src/main.o
 .group         0x0000000000000000        0xc ./Src/main.o
 .group         0x0000000000000000        0xc ./Src/main.o
 .group         0x0000000000000000        0xc ./Src/main.o
 .group         0x0000000000000000        0xc ./Src/main.o
 .group         0x0000000000000000        0xc ./Src/main.o
 .group         0x0000000000000000        0xc ./Src/main.o
 .text          0x0000000000000000        0x0 ./Src/main.o
 .data          0x0000000000000000        0x0 ./Src/main.o
 .bss           0x0000000000000000        0x0 ./Src/main.o
 .debug_macro   0x0000000000000000      0xa54 ./Src/main.o
 .debug_macro   0x0000000000000000       0x22 ./Src/main.o
 .debug_macro   0x0000000000000000       0x8e ./Src/main.o
 .debug_macro   0x0000000000000000       0x51 ./Src/main.o
 .debug_macro   0x0000000000000000      0x103 ./Src/main.o
 .debug_macro   0x0000000000000000       0x6a ./Src/main.o
 .debug_macro   0x0000000000000000      0x1df ./Src/main.o
 .debug_macro   0x0000000000000000      0x163 ./Src/main.o
 .debug_macro   0x0000000000000000       0xa7 ./Src/main.o
 .debug_macro   0x0000000000000000       0x5e ./Src/main.o
 .debug_macro   0x0000000000000000       0x6a ./Src/main.o
 .debug_macro   0x0000000000000000       0xee ./Src/main.o
 .debug_macro   0x0000000000000000       0x5e ./Src/main.o
 .debug_macro   0x0000000000000000       0x70 ./Src/main.o
 .group         0x0000000000000000        0xc ./Src/spi.o
 .group         0x0000000000000000        0xc ./Src/spi.o
 .group         0x0000000000000000        0xc ./Src/spi.o
 .group         0x0000000000000000        0xc ./Src/spi.o
 .group         0x0000000000000000        0xc ./Src/spi.o
 .group         0x0000000000000000        0xc ./Src/spi.o
 .group         0x0000000000000000        0xc ./Src/spi.o
 .group         0x0000000000000000        0xc ./Src/spi.o
 .group         0x0000000000000000        0xc ./Src/spi.o
 .group         0x0000000000000000        0xc ./Src/spi.o
 .group         0x0000000000000000        0xc ./Src/spi.o
 .text          0x0000000000000000        0x0 ./Src/spi.o
 .data          0x0000000000000000        0x0 ./Src/spi.o
 .bss           0x0000000000000000        0x0 ./Src/spi.o
 .data.SPI2     0x0000000000000000        0x4 ./Src/spi.o
 .text.spi_write
                0x0000000000000000       0x9a ./Src/spi.o
 .debug_macro   0x0000000000000000      0xa54 ./Src/spi.o
 .debug_macro   0x0000000000000000       0x22 ./Src/spi.o
 .debug_macro   0x0000000000000000       0x8e ./Src/spi.o
 .debug_macro   0x0000000000000000       0x51 ./Src/spi.o
 .debug_macro   0x0000000000000000      0x103 ./Src/spi.o
 .debug_macro   0x0000000000000000       0x6a ./Src/spi.o
 .debug_macro   0x0000000000000000      0x1df ./Src/spi.o
 .debug_macro   0x0000000000000000      0x163 ./Src/spi.o
 .debug_macro   0x0000000000000000       0xa7 ./Src/spi.o
 .debug_macro   0x0000000000000000       0x5e ./Src/spi.o
 .group         0x0000000000000000        0xc ./Src/syscalls.o
 .group         0x0000000000000000        0xc ./Src/syscalls.o
 .group         0x0000000000000000        0xc ./Src/syscalls.o
 .group         0x0000000000000000        0xc ./Src/syscalls.o
 .group         0x0000000000000000        0xc ./Src/syscalls.o
 .group         0x0000000000000000        0xc ./Src/syscalls.o
 .group         0x0000000000000000        0xc ./Src/syscalls.o
 .group         0x0000000000000000        0xc ./Src/syscalls.o
 .group         0x0000000000000000        0xc ./Src/syscalls.o
 .group         0x0000000000000000        0xc ./Src/syscalls.o
 .group         0x0000000000000000        0xc ./Src/syscalls.o
 .group         0x0000000000000000        0xc ./Src/syscalls.o
 .group         0x0000000000000000        0xc ./Src/syscalls.o
 .group         0x0000000000000000        0xc ./Src/syscalls.o
 .group         0x0000000000000000        0xc ./Src/syscalls.o
 .group         0x0000000000000000        0xc ./Src/syscalls.o
 .group         0x0000000000000000        0xc ./Src/syscalls.o
 .group         0x0000000000000000        0xc ./Src/syscalls.o
 .group         0x0000000000000000        0xc ./Src/syscalls.o
 .group         0x0000000000000000        0xc ./Src/syscalls.o
 .group         0x0000000000000000        0xc ./Src/syscalls.o
 .group         0x0000000000000000        0xc ./Src/syscalls.o
 .group         0x0000000000000000        0xc ./Src/syscalls.o
 .group         0x0000000000000000        0xc ./Src/syscalls.o
 .group         0x0000000000000000        0xc ./Src/syscalls.o
 .group         0x0000000000000000        0xc ./Src/syscalls.o
 .group         0x0000000000000000        0xc ./Src/syscalls.o
 .group         0x0000000000000000        0xc ./Src/syscalls.o
 .group         0x0000000000000000        0xc ./Src/syscalls.o
 .group         0x0000000000000000        0xc ./Src/syscalls.o
 .group         0x0000000000000000        0xc ./Src/syscalls.o
 .group         0x0000000000000000        0xc ./Src/syscalls.o
 .group         0x0000000000000000        0xc ./Src/syscalls.o
 .group         0x0000000000000000        0xc ./Src/syscalls.o
 .group         0x0000000000000000        0xc ./Src/syscalls.o
 .group         0x0000000000000000        0xc ./Src/syscalls.o
 .group         0x0000000000000000        0xc ./Src/syscalls.o
 .group         0x0000000000000000        0xc ./Src/syscalls.o
 .group         0x0000000000000000        0xc ./Src/syscalls.o
 .group         0x0000000000000000        0xc ./Src/syscalls.o
 .group         0x0000000000000000        0xc ./Src/syscalls.o
 .group         0x0000000000000000        0xc ./Src/syscalls.o
 .group         0x0000000000000000        0xc ./Src/syscalls.o
 .group         0x0000000000000000        0xc ./Src/syscalls.o
 .group         0x0000000000000000        0xc ./Src/syscalls.o
 .group         0x0000000000000000        0xc ./Src/syscalls.o
 .group         0x0000000000000000        0xc ./Src/syscalls.o
 .text          0x0000000000000000        0x0 ./Src/syscalls.o
 .data          0x0000000000000000        0x0 ./Src/syscalls.o
 .bss           0x0000000000000000        0x0 ./Src/syscalls.o
 .bss.__env     0x0000000000000000        0x4 ./Src/syscalls.o
 .data.environ  0x0000000000000000        0x4 ./Src/syscalls.o
 .text.initialise_monitor_handles
                0x0000000000000000        0xa ./Src/syscalls.o
 .text._getpid  0x0000000000000000        0xc ./Src/syscalls.o
 .text._kill    0x0000000000000000       0x20 ./Src/syscalls.o
 .text._exit    0x0000000000000000       0x18 ./Src/syscalls.o
 .text._read    0x0000000000000000       0x3a ./Src/syscalls.o
 .text._write   0x0000000000000000       0x38 ./Src/syscalls.o
 .text._close   0x0000000000000000       0x14 ./Src/syscalls.o
 .text._fstat   0x0000000000000000       0x1c ./Src/syscalls.o
 .text._isatty  0x0000000000000000       0x12 ./Src/syscalls.o
 .text._lseek   0x0000000000000000       0x16 ./Src/syscalls.o
 .text._open    0x0000000000000000       0x1c ./Src/syscalls.o
 .text._wait    0x0000000000000000       0x1e ./Src/syscalls.o
 .text._unlink  0x0000000000000000       0x1e ./Src/syscalls.o
 .text._times   0x0000000000000000       0x14 ./Src/syscalls.o
 .text._stat    0x0000000000000000       0x1c ./Src/syscalls.o
 .text._link    0x0000000000000000       0x20 ./Src/syscalls.o
 .text._fork    0x0000000000000000       0x18 ./Src/syscalls.o
 .text._execve  0x0000000000000000       0x22 ./Src/syscalls.o
 .debug_info    0x0000000000000000      0x6e0 ./Src/syscalls.o
 .debug_abbrev  0x0000000000000000      0x1b3 ./Src/syscalls.o
 .debug_aranges
                0x0000000000000000       0xa8 ./Src/syscalls.o
 .debug_ranges  0x0000000000000000       0x98 ./Src/syscalls.o
 .debug_macro   0x0000000000000000      0x24c ./Src/syscalls.o
 .debug_macro   0x0000000000000000      0xa54 ./Src/syscalls.o
 .debug_macro   0x0000000000000000       0x22 ./Src/syscalls.o
 .debug_macro   0x0000000000000000       0x4c ./Src/syscalls.o
 .debug_macro   0x0000000000000000       0x18 ./Src/syscalls.o
 .debug_macro   0x0000000000000000       0x94 ./Src/syscalls.o
 .debug_macro   0x0000000000000000       0x3c ./Src/syscalls.o
 .debug_macro   0x0000000000000000       0x34 ./Src/syscalls.o
 .debug_macro   0x0000000000000000       0x57 ./Src/syscalls.o
 .debug_macro   0x0000000000000000      0x174 ./Src/syscalls.o
 .debug_macro   0x0000000000000000      0x341 ./Src/syscalls.o
 .debug_macro   0x0000000000000000       0x16 ./Src/syscalls.o
 .debug_macro   0x0000000000000000       0x43 ./Src/syscalls.o
 .debug_macro   0x0000000000000000       0x34 ./Src/syscalls.o
 .debug_macro   0x0000000000000000       0x10 ./Src/syscalls.o
 .debug_macro   0x0000000000000000       0x58 ./Src/syscalls.o
 .debug_macro   0x0000000000000000       0x71 ./Src/syscalls.o
 .debug_macro   0x0000000000000000       0x1c ./Src/syscalls.o
 .debug_macro   0x0000000000000000      0x12a ./Src/syscalls.o
 .debug_macro   0x0000000000000000       0x10 ./Src/syscalls.o
 .debug_macro   0x0000000000000000       0x35 ./Src/syscalls.o
 .debug_macro   0x0000000000000000       0x10 ./Src/syscalls.o
 .debug_macro   0x0000000000000000       0x10 ./Src/syscalls.o
 .debug_macro   0x0000000000000000       0x10 ./Src/syscalls.o
 .debug_macro   0x0000000000000000       0x6a ./Src/syscalls.o
 .debug_macro   0x0000000000000000       0x1c ./Src/syscalls.o
 .debug_macro   0x0000000000000000       0x52 ./Src/syscalls.o
 .debug_macro   0x0000000000000000       0x22 ./Src/syscalls.o
 .debug_macro   0x0000000000000000       0x10 ./Src/syscalls.o
 .debug_macro   0x0000000000000000       0x52 ./Src/syscalls.o
 .debug_macro   0x0000000000000000       0xd5 ./Src/syscalls.o
 .debug_macro   0x0000000000000000       0x1c ./Src/syscalls.o
 .debug_macro   0x0000000000000000       0x3d ./Src/syscalls.o
 .debug_macro   0x0000000000000000       0x35 ./Src/syscalls.o
 .debug_macro   0x0000000000000000      0x12c ./Src/syscalls.o
 .debug_macro   0x0000000000000000       0x16 ./Src/syscalls.o
 .debug_macro   0x0000000000000000       0x16 ./Src/syscalls.o
 .debug_macro   0x0000000000000000       0x29 ./Src/syscalls.o
 .debug_macro   0x0000000000000000       0x10 ./Src/syscalls.o
 .debug_macro   0x0000000000000000      0x241 ./Src/syscalls.o
 .debug_macro   0x0000000000000000       0x1c ./Src/syscalls.o
 .debug_macro   0x0000000000000000       0x10 ./Src/syscalls.o
 .debug_macro   0x0000000000000000       0x10 ./Src/syscalls.o
 .debug_macro   0x0000000000000000       0x16 ./Src/syscalls.o
 .debug_macro   0x0000000000000000      0x145 ./Src/syscalls.o
 .debug_macro   0x0000000000000000      0x189 ./Src/syscalls.o
 .debug_macro   0x0000000000000000       0x16 ./Src/syscalls.o
 .debug_macro   0x0000000000000000       0xce ./Src/syscalls.o
 .debug_line    0x0000000000000000      0x7f9 ./Src/syscalls.o
 .debug_str     0x0000000000000000     0x8988 ./Src/syscalls.o
 .comment       0x0000000000000000       0x51 ./Src/syscalls.o
 .debug_frame   0x0000000000000000      0x244 ./Src/syscalls.o
 .ARM.attributes
                0x0000000000000000       0x2c ./Src/syscalls.o
 .group         0x0000000000000000        0xc ./Src/sysmem.o
 .group         0x0000000000000000        0xc ./Src/sysmem.o
 .group         0x0000000000000000        0xc ./Src/sysmem.o
 .group         0x0000000000000000        0xc ./Src/sysmem.o
 .group         0x0000000000000000        0xc ./Src/sysmem.o
 .group         0x0000000000000000        0xc ./Src/sysmem.o
 .group         0x0000000000000000        0xc ./Src/sysmem.o
 .group         0x0000000000000000        0xc ./Src/sysmem.o
 .group         0x0000000000000000        0xc ./Src/sysmem.o
 .group         0x0000000000000000        0xc ./Src/sysmem.o
 .group         0x0000000000000000        0xc ./Src/sysmem.o
 .group         0x0000000000000000        0xc ./Src/sysmem.o
 .group         0x0000000000000000        0xc ./Src/sysmem.o
 .group         0x0000000000000000        0xc ./Src/sysmem.o
 .group         0x0000000000000000        0xc ./Src/sysmem.o
 .group         0x0000000000000000        0xc ./Src/sysmem.o
 .group         0x0000000000000000        0xc ./Src/sysmem.o
 .group         0x0000000000000000        0xc ./Src/sysmem.o
 .group         0x0000000000000000        0xc ./Src/sysmem.o
 .group         0x0000000000000000        0xc ./Src/sysmem.o
 .group         0x0000000000000000        0xc ./Src/sysmem.o
 .group         0x0000000000000000        0xc ./Src/sysmem.o
 .text          0x0000000000000000        0x0 ./Src/sysmem.o
 .data          0x0000000000000000        0x0 ./Src/sysmem.o
 .bss           0x0000000000000000        0x0 ./Src/sysmem.o
 .bss.__sbrk_heap_end
                0x0000000000000000        0x4 ./Src/sysmem.o
 .text._sbrk    0x0000000000000000       0x6c ./Src/sysmem.o
 .debug_info    0x0000000000000000      0x171 ./Src/sysmem.o
 .debug_abbrev  0x0000000000000000       0xbb ./Src/sysmem.o
 .debug_aranges
                0x0000000000000000       0x20 ./Src/sysmem.o
 .debug_ranges  0x0000000000000000       0x10 ./Src/sysmem.o
 .debug_macro   0x0000000000000000       0xff ./Src/sysmem.o
 .debug_macro   0x0000000000000000      0xa54 ./Src/sysmem.o
 .debug_macro   0x0000000000000000       0x10 ./Src/sysmem.o
 .debug_macro   0x0000000000000000       0x22 ./Src/sysmem.o
 .debug_macro   0x0000000000000000       0x4c ./Src/sysmem.o
 .debug_macro   0x0000000000000000       0x18 ./Src/sysmem.o
 .debug_macro   0x0000000000000000       0x94 ./Src/sysmem.o
 .debug_macro   0x0000000000000000       0x3c ./Src/sysmem.o
 .debug_macro   0x0000000000000000       0x34 ./Src/sysmem.o
 .debug_macro   0x0000000000000000      0x174 ./Src/sysmem.o
 .debug_macro   0x0000000000000000       0x16 ./Src/sysmem.o
 .debug_macro   0x0000000000000000       0x43 ./Src/sysmem.o
 .debug_macro   0x0000000000000000       0x57 ./Src/sysmem.o
 .debug_macro   0x0000000000000000       0x34 ./Src/sysmem.o
 .debug_macro   0x0000000000000000       0x10 ./Src/sysmem.o
 .debug_macro   0x0000000000000000       0x58 ./Src/sysmem.o
 .debug_macro   0x0000000000000000       0x71 ./Src/sysmem.o
 .debug_macro   0x0000000000000000       0x1c ./Src/sysmem.o
 .debug_macro   0x0000000000000000      0x12a ./Src/sysmem.o
 .debug_macro   0x0000000000000000      0x23b ./Src/sysmem.o
 .debug_macro   0x0000000000000000      0x103 ./Src/sysmem.o
 .debug_macro   0x0000000000000000       0x6a ./Src/sysmem.o
 .debug_macro   0x0000000000000000      0x1df ./Src/sysmem.o
 .debug_line    0x0000000000000000      0x4ef ./Src/sysmem.o
 .debug_str     0x0000000000000000     0x5cc4 ./Src/sysmem.o
 .comment       0x0000000000000000       0x51 ./Src/sysmem.o
 .debug_frame   0x0000000000000000       0x30 ./Src/sysmem.o
 .ARM.attributes
                0x0000000000000000       0x2c ./Src/sysmem.o
 .group         0x0000000000000000        0xc ./Src/system.o
 .group         0x0000000000000000        0xc ./Src/system.o
 .group         0x0000000000000000        0xc ./Src/system.o
 .group         0x0000000000000000        0xc ./Src/system.o
 .group         0x0000000000000000        0xc ./Src/system.o
 .group         0x0000000000000000        0xc ./Src/system.o
 .group         0x0000000000000000        0xc ./Src/system.o
 .group         0x0000000000000000        0xc ./Src/system.o
 .group         0x0000000000000000        0xc ./Src/system.o
 .group         0x0000000000000000        0xc ./Src/system.o
 .group         0x0000000000000000        0xc ./Src/system.o
 .group         0x0000000000000000        0xc ./Src/system.o
 .group         0x0000000000000000        0xc ./Src/system.o
 .text          0x0000000000000000        0x0 ./Src/system.o
 .data          0x0000000000000000        0x0 ./Src/system.o
 .bss           0x0000000000000000        0x0 ./Src/system.o
 .data.SCB      0x0000000000000000        0x4 ./Src/system.o
 .text.task_config
                0x0000000000000000       0x48 ./Src/system.o
 .debug_macro   0x0000000000000000      0xa54 ./Src/system.o
 .debug_macro   0x0000000000000000       0x22 ./Src/system.o
 .debug_macro   0x0000000000000000       0x8e ./Src/system.o
 .debug_macro   0x0000000000000000       0x51 ./Src/system.o
 .debug_macro   0x0000000000000000      0x103 ./Src/system.o
 .debug_macro   0x0000000000000000       0x6a ./Src/system.o
 .debug_macro   0x0000000000000000      0x1df ./Src/system.o
 .debug_macro   0x0000000000000000      0x163 ./Src/system.o
 .debug_macro   0x0000000000000000       0xa7 ./Src/system.o
 .debug_macro   0x0000000000000000       0x5e ./Src/system.o
 .debug_macro   0x0000000000000000       0x5e ./Src/system.o
 .group         0x0000000000000000        0xc ./Src/usart.o
 .group         0x0000000000000000        0xc ./Src/usart.o
 .group         0x0000000000000000        0xc ./Src/usart.o
 .group         0x0000000000000000        0xc ./Src/usart.o
 .group         0x0000000000000000        0xc ./Src/usart.o
 .group         0x0000000000000000        0xc ./Src/usart.o
 .group         0x0000000000000000        0xc ./Src/usart.o
 .group         0x0000000000000000        0xc ./Src/usart.o
 .group         0x0000000000000000        0xc ./Src/usart.o
 .group         0x0000000000000000        0xc ./Src/usart.o
 .group         0x0000000000000000        0xc ./Src/usart.o
 .text          0x0000000000000000        0x0 ./Src/usart.o
 .data          0x0000000000000000        0x0 ./Src/usart.o
 .bss           0x0000000000000000        0x0 ./Src/usart.o
 .debug_macro   0x0000000000000000      0xa54 ./Src/usart.o
 .debug_macro   0x0000000000000000       0x22 ./Src/usart.o
 .debug_macro   0x0000000000000000       0x8e ./Src/usart.o
 .debug_macro   0x0000000000000000       0x51 ./Src/usart.o
 .debug_macro   0x0000000000000000      0x103 ./Src/usart.o
 .debug_macro   0x0000000000000000       0x6a ./Src/usart.o
 .debug_macro   0x0000000000000000      0x1df ./Src/usart.o
 .debug_macro   0x0000000000000000      0x163 ./Src/usart.o
 .debug_macro   0x0000000000000000       0xa7 ./Src/usart.o
 .debug_macro   0x0000000000000000       0x5e ./Src/usart.o
 .debug_macro   0x0000000000000000       0xe8 ./Src/usart.o
 .text          0x0000000000000000       0x14 ./Startup/startup_stm32l051r6tx.o
 .data          0x0000000000000000        0x0 ./Startup/startup_stm32l051r6tx.o
 .bss           0x0000000000000000        0x0 ./Startup/startup_stm32l051r6tx.o
 .text          0x0000000000000000        0x0 c:/st/stm32cubeide_1.12.0/stm32cubeide/plugins/com.st.stm32cube.ide.mcu.externaltools.gnu-tools-for-stm32.10.3-2021.10.win32_1.0.200.202301161003/tools/bin/../lib/gcc/arm-none-eabi/10.3.1/../../../../arm-none-eabi/lib/thumb/v6-m/nofp\libc_nano.a(lib_a-errno.o)
 .data          0x0000000000000000        0x0 c:/st/stm32cubeide_1.12.0/stm32cubeide/plugins/com.st.stm32cube.ide.mcu.externaltools.gnu-tools-for-stm32.10.3-2021.10.win32_1.0.200.202301161003/tools/bin/../lib/gcc/arm-none-eabi/10.3.1/../../../../arm-none-eabi/lib/thumb/v6-m/nofp\libc_nano.a(lib_a-errno.o)
 .bss           0x0000000000000000        0x0 c:/st/stm32cubeide_1.12.0/stm32cubeide/plugins/com.st.stm32cube.ide.mcu.externaltools.gnu-tools-for-stm32.10.3-2021.10.win32_1.0.200.202301161003/tools/bin/../lib/gcc/arm-none-eabi/10.3.1/../../../../arm-none-eabi/lib/thumb/v6-m/nofp\libc_nano.a(lib_a-errno.o)
 .text.__errno  0x0000000000000000        0xc c:/st/stm32cubeide_1.12.0/stm32cubeide/plugins/com.st.stm32cube.ide.mcu.externaltools.gnu-tools-for-stm32.10.3-2021.10.win32_1.0.200.202301161003/tools/bin/../lib/gcc/arm-none-eabi/10.3.1/../../../../arm-none-eabi/lib/thumb/v6-m/nofp\libc_nano.a(lib_a-errno.o)
 .debug_frame   0x0000000000000000       0x20 c:/st/stm32cubeide_1.12.0/stm32cubeide/plugins/com.st.stm32cube.ide.mcu.externaltools.gnu-tools-for-stm32.10.3-2021.10.win32_1.0.200.202301161003/tools/bin/../lib/gcc/arm-none-eabi/10.3.1/../../../../arm-none-eabi/lib/thumb/v6-m/nofp\libc_nano.a(lib_a-errno.o)
 .ARM.attributes
                0x0000000000000000       0x2c c:/st/stm32cubeide_1.12.0/stm32cubeide/plugins/com.st.stm32cube.ide.mcu.externaltools.gnu-tools-for-stm32.10.3-2021.10.win32_1.0.200.202301161003/tools/bin/../lib/gcc/arm-none-eabi/10.3.1/../../../../arm-none-eabi/lib/thumb/v6-m/nofp\libc_nano.a(lib_a-errno.o)
 .text          0x0000000000000000        0x0 c:/st/stm32cubeide_1.12.0/stm32cubeide/plugins/com.st.stm32cube.ide.mcu.externaltools.gnu-tools-for-stm32.10.3-2021.10.win32_1.0.200.202301161003/tools/bin/../lib/gcc/arm-none-eabi/10.3.1/../../../../arm-none-eabi/lib/thumb/v6-m/nofp\libc_nano.a(lib_a-exit.o)
 .data          0x0000000000000000        0x0 c:/st/stm32cubeide_1.12.0/stm32cubeide/plugins/com.st.stm32cube.ide.mcu.externaltools.gnu-tools-for-stm32.10.3-2021.10.win32_1.0.200.202301161003/tools/bin/../lib/gcc/arm-none-eabi/10.3.1/../../../../arm-none-eabi/lib/thumb/v6-m/nofp\libc_nano.a(lib_a-exit.o)
 .bss           0x0000000000000000        0x0 c:/st/stm32cubeide_1.12.0/stm32cubeide/plugins/com.st.stm32cube.ide.mcu.externaltools.gnu-tools-for-stm32.10.3-2021.10.win32_1.0.200.202301161003/tools/bin/../lib/gcc/arm-none-eabi/10.3.1/../../../../arm-none-eabi/lib/thumb/v6-m/nofp\libc_nano.a(lib_a-exit.o)
 .text.exit     0x0000000000000000       0x2c c:/st/stm32cubeide_1.12.0/stm32cubeide/plugins/com.st.stm32cube.ide.mcu.externaltools.gnu-tools-for-stm32.10.3-2021.10.win32_1.0.200.202301161003/tools/bin/../lib/gcc/arm-none-eabi/10.3.1/../../../../arm-none-eabi/lib/thumb/v6-m/nofp\libc_nano.a(lib_a-exit.o)
 .debug_frame   0x0000000000000000       0x28 c:/st/stm32cubeide_1.12.0/stm32cubeide/plugins/com.st.stm32cube.ide.mcu.externaltools.gnu-tools-for-stm32.10.3-2021.10.win32_1.0.200.202301161003/tools/bin/../lib/gcc/arm-none-eabi/10.3.1/../../../../arm-none-eabi/lib/thumb/v6-m/nofp\libc_nano.a(lib_a-exit.o)
 .ARM.attributes
                0x0000000000000000       0x2c c:/st/stm32cubeide_1.12.0/stm32cubeide/plugins/com.st.stm32cube.ide.mcu.externaltools.gnu-tools-for-stm32.10.3-2021.10.win32_1.0.200.202301161003/tools/bin/../lib/gcc/arm-none-eabi/10.3.1/../../../../arm-none-eabi/lib/thumb/v6-m/nofp\libc_nano.a(lib_a-exit.o)
 .text          0x0000000000000000        0x0 c:/st/stm32cubeide_1.12.0/stm32cubeide/plugins/com.st.stm32cube.ide.mcu.externaltools.gnu-tools-for-stm32.10.3-2021.10.win32_1.0.200.202301161003/tools/bin/../lib/gcc/arm-none-eabi/10.3.1/../../../../arm-none-eabi/lib/thumb/v6-m/nofp\libc_nano.a(lib_a-impure.o)
 .data          0x0000000000000000        0x0 c:/st/stm32cubeide_1.12.0/stm32cubeide/plugins/com.st.stm32cube.ide.mcu.externaltools.gnu-tools-for-stm32.10.3-2021.10.win32_1.0.200.202301161003/tools/bin/../lib/gcc/arm-none-eabi/10.3.1/../../../../arm-none-eabi/lib/thumb/v6-m/nofp\libc_nano.a(lib_a-impure.o)
 .bss           0x0000000000000000        0x0 c:/st/stm32cubeide_1.12.0/stm32cubeide/plugins/com.st.stm32cube.ide.mcu.externaltools.gnu-tools-for-stm32.10.3-2021.10.win32_1.0.200.202301161003/tools/bin/../lib/gcc/arm-none-eabi/10.3.1/../../../../arm-none-eabi/lib/thumb/v6-m/nofp\libc_nano.a(lib_a-impure.o)
 .data._impure_ptr
                0x0000000000000000        0x4 c:/st/stm32cubeide_1.12.0/stm32cubeide/plugins/com.st.stm32cube.ide.mcu.externaltools.gnu-tools-for-stm32.10.3-2021.10.win32_1.0.200.202301161003/tools/bin/../lib/gcc/arm-none-eabi/10.3.1/../../../../arm-none-eabi/lib/thumb/v6-m/nofp\libc_nano.a(lib_a-impure.o)
 .data.impure_data
                0x0000000000000000       0x60 c:/st/stm32cubeide_1.12.0/stm32cubeide/plugins/com.st.stm32cube.ide.mcu.externaltools.gnu-tools-for-stm32.10.3-2021.10.win32_1.0.200.202301161003/tools/bin/../lib/gcc/arm-none-eabi/10.3.1/../../../../arm-none-eabi/lib/thumb/v6-m/nofp\libc_nano.a(lib_a-impure.o)
 .rodata._global_impure_ptr
                0x0000000000000000        0x4 c:/st/stm32cubeide_1.12.0/stm32cubeide/plugins/com.st.stm32cube.ide.mcu.externaltools.gnu-tools-for-stm32.10.3-2021.10.win32_1.0.200.202301161003/tools/bin/../lib/gcc/arm-none-eabi/10.3.1/../../../../arm-none-eabi/lib/thumb/v6-m/nofp\libc_nano.a(lib_a-impure.o)
 .ARM.attributes
                0x0000000000000000       0x2c c:/st/stm32cubeide_1.12.0/stm32cubeide/plugins/com.st.stm32cube.ide.mcu.externaltools.gnu-tools-for-stm32.10.3-2021.10.win32_1.0.200.202301161003/tools/bin/../lib/gcc/arm-none-eabi/10.3.1/../../../../arm-none-eabi/lib/thumb/v6-m/nofp\libc_nano.a(lib_a-impure.o)
 .text          0x0000000000000000        0x0 c:/st/stm32cubeide_1.12.0/stm32cubeide/plugins/com.st.stm32cube.ide.mcu.externaltools.gnu-tools-for-stm32.10.3-2021.10.win32_1.0.200.202301161003/tools/bin/../lib/gcc/arm-none-eabi/10.3.1/../../../../arm-none-eabi/lib/thumb/v6-m/nofp\libc_nano.a(lib_a-init.o)
 .data          0x0000000000000000        0x0 c:/st/stm32cubeide_1.12.0/stm32cubeide/plugins/com.st.stm32cube.ide.mcu.externaltools.gnu-tools-for-stm32.10.3-2021.10.win32_1.0.200.202301161003/tools/bin/../lib/gcc/arm-none-eabi/10.3.1/../../../../arm-none-eabi/lib/thumb/v6-m/nofp\libc_nano.a(lib_a-init.o)
 .bss           0x0000000000000000        0x0 c:/st/stm32cubeide_1.12.0/stm32cubeide/plugins/com.st.stm32cube.ide.mcu.externaltools.gnu-tools-for-stm32.10.3-2021.10.win32_1.0.200.202301161003/tools/bin/../lib/gcc/arm-none-eabi/10.3.1/../../../../arm-none-eabi/lib/thumb/v6-m/nofp\libc_nano.a(lib_a-init.o)
 .text          0x0000000000000000        0x0 c:/st/stm32cubeide_1.12.0/stm32cubeide/plugins/com.st.stm32cube.ide.mcu.externaltools.gnu-tools-for-stm32.10.3-2021.10.win32_1.0.200.202301161003/tools/bin/../lib/gcc/arm-none-eabi/10.3.1/../../../../arm-none-eabi/lib/thumb/v6-m/nofp\libc_nano.a(lib_a-memset.o)
 .data          0x0000000000000000        0x0 c:/st/stm32cubeide_1.12.0/stm32cubeide/plugins/com.st.stm32cube.ide.mcu.externaltools.gnu-tools-for-stm32.10.3-2021.10.win32_1.0.200.202301161003/tools/bin/../lib/gcc/arm-none-eabi/10.3.1/../../../../arm-none-eabi/lib/thumb/v6-m/nofp\libc_nano.a(lib_a-memset.o)
 .bss           0x0000000000000000        0x0 c:/st/stm32cubeide_1.12.0/stm32cubeide/plugins/com.st.stm32cube.ide.mcu.externaltools.gnu-tools-for-stm32.10.3-2021.10.win32_1.0.200.202301161003/tools/bin/../lib/gcc/arm-none-eabi/10.3.1/../../../../arm-none-eabi/lib/thumb/v6-m/nofp\libc_nano.a(lib_a-memset.o)
 .text.memset   0x0000000000000000       0x10 c:/st/stm32cubeide_1.12.0/stm32cubeide/plugins/com.st.stm32cube.ide.mcu.externaltools.gnu-tools-for-stm32.10.3-2021.10.win32_1.0.200.202301161003/tools/bin/../lib/gcc/arm-none-eabi/10.3.1/../../../../arm-none-eabi/lib/thumb/v6-m/nofp\libc_nano.a(lib_a-memset.o)
 .debug_frame   0x0000000000000000       0x20 c:/st/stm32cubeide_1.12.0/stm32cubeide/plugins/com.st.stm32cube.ide.mcu.externaltools.gnu-tools-for-stm32.10.3-2021.10.win32_1.0.200.202301161003/tools/bin/../lib/gcc/arm-none-eabi/10.3.1/../../../../arm-none-eabi/lib/thumb/v6-m/nofp\libc_nano.a(lib_a-memset.o)
 .ARM.attributes
                0x0000000000000000       0x2c c:/st/stm32cubeide_1.12.0/stm32cubeide/plugins/com.st.stm32cube.ide.mcu.externaltools.gnu-tools-for-stm32.10.3-2021.10.win32_1.0.200.202301161003/tools/bin/../lib/gcc/arm-none-eabi/10.3.1/../../../../arm-none-eabi/lib/thumb/v6-m/nofp\libc_nano.a(lib_a-memset.o)
 .text          0x0000000000000000        0x0 c:/st/stm32cubeide_1.12.0/stm32cubeide/plugins/com.st.stm32cube.ide.mcu.externaltools.gnu-tools-for-stm32.10.3-2021.10.win32_1.0.200.202301161003/tools/bin/../lib/gcc/arm-none-eabi/10.3.1/thumb/v6-m/nofp/crtend.o
 .data          0x0000000000000000        0x0 c:/st/stm32cubeide_1.12.0/stm32cubeide/plugins/com.st.stm32cube.ide.mcu.externaltools.gnu-tools-for-stm32.10.3-2021.10.win32_1.0.200.202301161003/tools/bin/../lib/gcc/arm-none-eabi/10.3.1/thumb/v6-m/nofp/crtend.o
 .bss           0x0000000000000000        0x0 c:/st/stm32cubeide_1.12.0/stm32cubeide/plugins/com.st.stm32cube.ide.mcu.externaltools.gnu-tools-for-stm32.10.3-2021.10.win32_1.0.200.202301161003/tools/bin/../lib/gcc/arm-none-eabi/10.3.1/thumb/v6-m/nofp/crtend.o
 .rodata        0x0000000000000000       0x24 c:/st/stm32cubeide_1.12.0/stm32cubeide/plugins/com.st.stm32cube.ide.mcu.externaltools.gnu-tools-for-stm32.10.3-2021.10.win32_1.0.200.202301161003/tools/bin/../lib/gcc/arm-none-eabi/10.3.1/thumb/v6-m/nofp/crtend.o
 .eh_frame      0x0000000000000000        0x4 c:/st/stm32cubeide_1.12.0/stm32cubeide/plugins/com.st.stm32cube.ide.mcu.externaltools.gnu-tools-for-stm32.10.3-2021.10.win32_1.0.200.202301161003/tools/bin/../lib/gcc/arm-none-eabi/10.3.1/thumb/v6-m/nofp/crtend.o
 .ARM.attributes
                0x0000000000000000       0x2c c:/st/stm32cubeide_1.12.0/stm32cubeide/plugins/com.st.stm32cube.ide.mcu.externaltools.gnu-tools-for-stm32.10.3-2021.10.win32_1.0.200.202301161003/tools/bin/../lib/gcc/arm-none-eabi/10.3.1/thumb/v6-m/nofp/crtend.o
 .text          0x0000000000000000        0x0 c:/st/stm32cubeide_1.12.0/stm32cubeide/plugins/com.st.stm32cube.ide.mcu.externaltools.gnu-tools-for-stm32.10.3-2021.10.win32_1.0.200.202301161003/tools/bin/../lib/gcc/arm-none-eabi/10.3.1/thumb/v6-m/nofp/crtn.o
 .data          0x0000000000000000        0x0 c:/st/stm32cubeide_1.12.0/stm32cubeide/plugins/com.st.stm32cube.ide.mcu.externaltools.gnu-tools-for-stm32.10.3-2021.10.win32_1.0.200.202301161003/tools/bin/../lib/gcc/arm-none-eabi/10.3.1/thumb/v6-m/nofp/crtn.o
 .bss           0x0000000000000000        0x0 c:/st/stm32cubeide_1.12.0/stm32cubeide/plugins/com.st.stm32cube.ide.mcu.externaltools.gnu-tools-for-stm32.10.3-2021.10.win32_1.0.200.202301161003/tools/bin/../lib/gcc/arm-none-eabi/10.3.1/thumb/v6-m/nofp/crtn.o

Memory Configuration

Name             Origin             Length             Attributes
RAM              0x0000000020000000 0x0000000000002000 xrw
FLASH            0x0000000008000000 0x0000000000008000 xr
*default*        0x0000000000000000 0xffffffffffffffff

Linker script and memory map

LOAD c:/st/stm32cubeide_1.12.0/stm32cubeide/plugins/com.st.stm32cube.ide.mcu.externaltools.gnu-tools-for-stm32.10.3-2021.10.win32_1.0.200.202301161003/tools/bin/../lib/gcc/arm-none-eabi/10.3.1/thumb/v6-m/nofp/crti.o
LOAD c:/st/stm32cubeide_1.12.0/stm32cubeide/plugins/com.st.stm32cube.ide.mcu.externaltools.gnu-tools-for-stm32.10.3-2021.10.win32_1.0.200.202301161003/tools/bin/../lib/gcc/arm-none-eabi/10.3.1/thumb/v6-m/nofp/crtbegin.o
LOAD c:/st/stm32cubeide_1.12.0/stm32cubeide/plugins/com.st.stm32cube.ide.mcu.externaltools.gnu-tools-for-stm32.10.3-2021.10.win32_1.0.200.202301161003/tools/bin/../lib/gcc/arm-none-eabi/10.3.1/../../../../arm-none-eabi/lib/thumb/v6-m/nofp/crt0.o
LOAD ./Src/adc.o
LOAD ./Src/fifo.o
LOAD ./Src/gpio.o
LOAD ./Src/hal.o
LOAD ./Src/main.o
LOAD ./Src/spi.o
LOAD ./Src/syscalls.o
LOAD ./Src/sysmem.o
LOAD ./Src/system.o
LOAD ./Src/usart.o
LOAD ./Startup/startup_stm32l051r6tx.o
START GROUP
LOAD c:/st/stm32cubeide_1.12.0/stm32cubeide/plugins/com.st.stm32cube.ide.mcu.externaltools.gnu-tools-for-stm32.10.3-2021.10.win32_1.0.200.202301161003/tools/bin/../lib/gcc/arm-none-eabi/10.3.1/../../../../arm-none-eabi/lib/thumb/v6-m/nofp\libc_nano.a
LOAD c:/st/stm32cubeide_1.12.0/stm32cubeide/plugins/com.st.stm32cube.ide.mcu.externaltools.gnu-tools-for-stm32.10.3-2021.10.win32_1.0.200.202301161003/tools/bin/../lib/gcc/arm-none-eabi/10.3.1/../../../../arm-none-eabi/lib/thumb/v6-m/nofp\libm.a
END GROUP
START GROUP
LOAD c:/st/stm32cubeide_1.12.0/stm32cubeide/plugins/com.st.stm32cube.ide.mcu.externaltools.gnu-tools-for-stm32.10.3-2021.10.win32_1.0.200.202301161003/tools/bin/../lib/gcc/arm-none-eabi/10.3.1/thumb/v6-m/nofp\libgcc.a
LOAD c:/st/stm32cubeide_1.12.0/stm32cubeide/plugins/com.st.stm32cube.ide.mcu.externaltools.gnu-tools-for-stm32.10.3-2021.10.win32_1.0.200.202301161003/tools/bin/../lib/gcc/arm-none-eabi/10.3.1/../../../../arm-none-eabi/lib/thumb/v6-m/nofp\libc_nano.a
END GROUP
START GROUP
LOAD c:/st/stm32cubeide_1.12.0/stm32cubeide/plugins/com.st.stm32cube.ide.mcu.externaltools.gnu-tools-for-stm32.10.3-2021.10.win32_1.0.200.202301161003/tools/bin/../lib/gcc/arm-none-eabi/10.3.1/thumb/v6-m/nofp\libgcc.a
LOAD c:/st/stm32cubeide_1.12.0/stm32cubeide/plugins/com.st.stm32cube.ide.mcu.externaltools.gnu-tools-for-stm32.10.3-2021.10.win32_1.0.200.202301161003/tools/bin/../lib/gcc/arm-none-eabi/10.3.1/../../../../arm-none-eabi/lib/thumb/v6-m/nofp\libc_nano.a
LOAD c:/st/stm32cubeide_1.12.0/stm32cubeide/plugins/com.st.stm32cube.ide.mcu.externaltools.gnu-tools-for-stm32.10.3-2021.10.win32_1.0.200.202301161003/tools/bin/../lib/gcc/arm-none-eabi/10.3.1/../../../../arm-none-eabi/lib/thumb/v6-m/nofp\libnosys.a
END GROUP
START GROUP
LOAD c:/st/stm32cubeide_1.12.0/stm32cubeide/plugins/com.st.stm32cube.ide.mcu.externaltools.gnu-tools-for-stm32.10.3-2021.10.win32_1.0.200.202301161003/tools/bin/../lib/gcc/arm-none-eabi/10.3.1/thumb/v6-m/nofp\libgcc.a
LOAD c:/st/stm32cubeide_1.12.0/stm32cubeide/plugins/com.st.stm32cube.ide.mcu.externaltools.gnu-tools-for-stm32.10.3-2021.10.win32_1.0.200.202301161003/tools/bin/../lib/gcc/arm-none-eabi/10.3.1/../../../../arm-none-eabi/lib/thumb/v6-m/nofp\libc_nano.a
LOAD c:/st/stm32cubeide_1.12.0/stm32cubeide/plugins/com.st.stm32cube.ide.mcu.externaltools.gnu-tools-for-stm32.10.3-2021.10.win32_1.0.200.202301161003/tools/bin/../lib/gcc/arm-none-eabi/10.3.1/../../../../arm-none-eabi/lib/thumb/v6-m/nofp\libnosys.a
END GROUP
LOAD c:/st/stm32cubeide_1.12.0/stm32cubeide/plugins/com.st.stm32cube.ide.mcu.externaltools.gnu-tools-for-stm32.10.3-2021.10.win32_1.0.200.202301161003/tools/bin/../lib/gcc/arm-none-eabi/10.3.1/thumb/v6-m/nofp/crtend.o
LOAD c:/st/stm32cubeide_1.12.0/stm32cubeide/plugins/com.st.stm32cube.ide.mcu.externaltools.gnu-tools-for-stm32.10.3-2021.10.win32_1.0.200.202301161003/tools/bin/../lib/gcc/arm-none-eabi/10.3.1/thumb/v6-m/nofp/crtn.o
                0x0000000020002000                _estack = (ORIGIN (RAM) + LENGTH (RAM))
                0x0000000000000200                _Min_Heap_Size = 0x200
                0x0000000000000400                _Min_Stack_Size = 0x400

.isr_vector     0x0000000008000000       0xb8
                0x0000000008000000                . = ALIGN (0x4)
 *(.isr_vector)
 .isr_vector    0x0000000008000000       0xb8 ./Startup/startup_stm32l051r6tx.o
                0x0000000008000000                g_pfnVectors
                0x00000000080000b8                . = ALIGN (0x4)

.text           0x00000000080000b8     0x1d24
                0x00000000080000b8                . = ALIGN (0x4)
 *(.text)
 .text          0x00000000080000b8       0x48 c:/st/stm32cubeide_1.12.0/stm32cubeide/plugins/com.st.stm32cube.ide.mcu.externaltools.gnu-tools-for-stm32.10.3-2021.10.win32_1.0.200.202301161003/tools/bin/../lib/gcc/arm-none-eabi/10.3.1/thumb/v6-m/nofp/crtbegin.o
 *(.text*)
 .text.adc_reset
                0x0000000008000100       0x2c ./Src/adc.o
                0x0000000008000100                adc_reset
 .text.adc_init
                0x000000000800012c       0xec ./Src/adc.o
                0x000000000800012c                adc_init
 .text.adc_cal  0x0000000008000218       0xb4 ./Src/adc.o
                0x0000000008000218                adc_cal
 .text.adc_read
                0x00000000080002cc       0x5c ./Src/adc.o
                0x00000000080002cc                adc_read
 .text.fifo_init
                0x0000000008000328       0x36 ./Src/fifo.o
                0x0000000008000328                fifo_init
 .text.fifo_write
                0x000000000800035e       0x7c ./Src/fifo.o
                0x000000000800035e                fifo_write
 .text.fifo_read
                0x00000000080003da       0x7c ./Src/fifo.o
                0x00000000080003da                fifo_read
 *fill*         0x0000000008000456        0x2 
 .text.gpiox_reset
                0x0000000008000458       0x3c ./Src/gpio.o
                0x0000000008000458                gpiox_reset
 .text.gpio_config
                0x0000000008000494      0x1c8 ./Src/gpio.o
                0x0000000008000494                gpio_config
 .text.gpio_set_val
                0x000000000800065c       0x58 ./Src/gpio.o
                0x000000000800065c                gpio_set_val
 .text.gpio_get_val
                0x00000000080006b4       0x4c ./Src/gpio.o
                0x00000000080006b4                gpio_get_val
 .text.read_voltage
                0x0000000008000700       0x70 ./Src/hal.o
                0x0000000008000700                read_voltage
 .text.mcp4241_init
                0x0000000008000770       0xec ./Src/hal.o
                0x0000000008000770                mcp4241_init
 .text.mcp4241_incr
                0x000000000800085c       0x78 ./Src/hal.o
                0x000000000800085c                mcp4241_incr
 .text.mcp4241_decr
                0x00000000080008d4       0x78 ./Src/hal.o
                0x00000000080008d4                mcp4241_decr
 .text.mcp4241_write
                0x000000000800094c       0x84 ./Src/hal.o
                0x000000000800094c                mcp4241_write
 .text.mcp4241_read
                0x00000000080009d0       0x88 ./Src/hal.o
                0x00000000080009d0                mcp4241_read
 .text.rn4020_init
                0x0000000008000a58      0x2d8 ./Src/hal.o
                0x0000000008000a58                rn4020_init
 .text.rn4020_connect
                0x0000000008000d30       0x80 ./Src/hal.o
                0x0000000008000d30                rn4020_connect
 .text.rn4020_get_connect_state
                0x0000000008000db0       0x14 ./Src/hal.o
                0x0000000008000db0                rn4020_get_connect_state
 .text.lsm6dso32_init
                0x0000000008000dc4       0xd8 ./Src/hal.o
                0x0000000008000dc4                lsm6dso32_init
 .text.read_axis_dps
                0x0000000008000e9c       0x70 ./Src/hal.o
                0x0000000008000e9c                read_axis_dps
 .text.hal_init
                0x0000000008000f0c       0xb4 ./Src/hal.o
                0x0000000008000f0c                hal_init
 .text.USART1_IRQHandler
                0x0000000008000fc0       0x58 ./Src/main.o
                0x0000000008000fc0                USART1_IRQHandler
 .text.__Task_1
                0x0000000008001018       0xac ./Src/main.o
                0x0000000008001018                __Task_1
 .text.__Task_2
                0x00000000080010c4      0x258 ./Src/main.o
                0x00000000080010c4                __Task_2
 .text.__Run_Up
                0x000000000800131c       0x60 ./Src/main.o
                0x000000000800131c                __Run_Up
 .text.main     0x000000000800137c       0x10 ./Src/main.o
                0x000000000800137c                main
 .text.spix_reset
                0x000000000800138c       0x50 ./Src/spi.o
                0x000000000800138c                spix_reset
 .text.spi_init
                0x00000000080013dc      0x1b0 ./Src/spi.o
                0x00000000080013dc                spi_init
 .text.spi_transaction
                0x000000000800158c       0xb0 ./Src/spi.o
                0x000000000800158c                spi_transaction
 .text.__OS     0x000000000800163c       0x70 ./Src/system.o
                0x000000000800163c                __OS
 .text.wait     0x00000000080016ac       0x30 ./Src/system.o
                0x00000000080016ac                wait
 .text.print    0x00000000080016dc       0x84 ./Src/system.o
                0x00000000080016dc                print
 .text.SysTick_Handler
                0x0000000008001760       0x18 ./Src/system.o
                0x0000000008001760                SysTick_Handler
 .text.get_ticks
                0x0000000008001778       0x14 ./Src/system.o
                0x0000000008001778                get_ticks
 .text.PendSV_Handler
                0x000000000800178c        0xa ./Src/system.o
                0x000000000800178c                PendSV_Handler
 *fill*         0x0000000008001796        0x2 
 .text.TIM2_IRQHandler
                0x0000000008001798       0x5c ./Src/system.o
                0x0000000008001798                TIM2_IRQHandler
 .text.init_system
                0x00000000080017f4      0x18c ./Src/system.o
                0x00000000080017f4                init_system
 .text.usartx_reset
                0x0000000008001980       0x50 ./Src/usart.o
                0x0000000008001980                usartx_reset
 .text.usart_init
                0x00000000080019d0      0x1bc ./Src/usart.o
                0x00000000080019d0                usart_init
 .text.usart_send
                0x0000000008001b8c       0x74 ./Src/usart.o
                0x0000000008001b8c                usart_send
 .text.usart_receive
                0x0000000008001c00       0x54 ./Src/usart.o
                0x0000000008001c00                usart_receive
 .text.usart_send_string
                0x0000000008001c54       0xd2 ./Src/usart.o
                0x0000000008001c54                usart_send_string
 *fill*         0x0000000008001d26        0x2 
 .text.Reset_Handler
                0x0000000008001d28       0x50 ./Startup/startup_stm32l051r6tx.o
                0x0000000008001d28                Reset_Handler
 .text.Default_Handler
                0x0000000008001d78        0x2 ./Startup/startup_stm32l051r6tx.o
                0x0000000008001d78                HardFault_Handler
                0x0000000008001d78                TIM6_IRQHandler
                0x0000000008001d78                PVD_IRQHandler
                0x0000000008001d78                NMI_Handler
                0x0000000008001d78                I2C1_IRQHandler
                0x0000000008001d78                USART4_USART5_IRQHandler
                0x0000000008001d78                SPI1_IRQHandler
                0x0000000008001d78                EXTI2_3_IRQHandler
                0x0000000008001d78                I2C2_IRQHandler
                0x0000000008001d78                RTC_IRQHandler
                0x0000000008001d78                TIM3_IRQHandler
                0x0000000008001d78                EXTI4_15_IRQHandler
                0x0000000008001d78                RCC_IRQHandler
                0x0000000008001d78                DMA1_Channel1_IRQHandler
                0x0000000008001d78                Default_Handler
                0x0000000008001d78                TIM22_IRQHandler
                0x0000000008001d78                TIM7_IRQHandler
                0x0000000008001d78                EXTI0_1_IRQHandler
                0x0000000008001d78                I2C3_IRQHandler
                0x0000000008001d78                SPI2_IRQHandler
                0x0000000008001d78                SVC_Handler
                0x0000000008001d78                TIM21_IRQHandler
                0x0000000008001d78                WWDG_IRQHandler
                0x0000000008001d78                DMA1_Channel2_3_IRQHandler
                0x0000000008001d78                ADC_COMP_IRQHandler
                0x0000000008001d78                USART2_IRQHandler
                0x0000000008001d78                DMA1_Channel4_7_IRQHandler
                0x0000000008001d78                AES_RNG_LPUART1_IRQHandler
                0x0000000008001d78                LPTIM1_IRQHandler
 *fill*         0x0000000008001d7a        0x2 
 .text.__libc_init_array
                0x0000000008001d7c       0x48 c:/st/stm32cubeide_1.12.0/stm32cubeide/plugins/com.st.stm32cube.ide.mcu.externaltools.gnu-tools-for-stm32.10.3-2021.10.win32_1.0.200.202301161003/tools/bin/../lib/gcc/arm-none-eabi/10.3.1/../../../../arm-none-eabi/lib/thumb/v6-m/nofp\libc_nano.a(lib_a-init.o)
                0x0000000008001d7c                __libc_init_array
 *(.glue_7)
 .glue_7        0x0000000008001dc4        0x0 linker stubs
 *(.glue_7t)
 .glue_7t       0x0000000008001dc4        0x0 linker stubs
 *(.eh_frame)
 .eh_frame      0x0000000008001dc4        0x0 c:/st/stm32cubeide_1.12.0/stm32cubeide/plugins/com.st.stm32cube.ide.mcu.externaltools.gnu-tools-for-stm32.10.3-2021.10.win32_1.0.200.202301161003/tools/bin/../lib/gcc/arm-none-eabi/10.3.1/thumb/v6-m/nofp/crtbegin.o
 *(.init)
 .init          0x0000000008001dc4        0x4 c:/st/stm32cubeide_1.12.0/stm32cubeide/plugins/com.st.stm32cube.ide.mcu.externaltools.gnu-tools-for-stm32.10.3-2021.10.win32_1.0.200.202301161003/tools/bin/../lib/gcc/arm-none-eabi/10.3.1/thumb/v6-m/nofp/crti.o
                0x0000000008001dc4                _init
 .init          0x0000000008001dc8        0x8 c:/st/stm32cubeide_1.12.0/stm32cubeide/plugins/com.st.stm32cube.ide.mcu.externaltools.gnu-tools-for-stm32.10.3-2021.10.win32_1.0.200.202301161003/tools/bin/../lib/gcc/arm-none-eabi/10.3.1/thumb/v6-m/nofp/crtn.o
 *(.fini)
 .fini          0x0000000008001dd0        0x4 c:/st/stm32cubeide_1.12.0/stm32cubeide/plugins/com.st.stm32cube.ide.mcu.externaltools.gnu-tools-for-stm32.10.3-2021.10.win32_1.0.200.202301161003/tools/bin/../lib/gcc/arm-none-eabi/10.3.1/thumb/v6-m/nofp/crti.o
                0x0000000008001dd0                _fini
 .fini          0x0000000008001dd4        0x8 c:/st/stm32cubeide_1.12.0/stm32cubeide/plugins/com.st.stm32cube.ide.mcu.externaltools.gnu-tools-for-stm32.10.3-2021.10.win32_1.0.200.202301161003/tools/bin/../lib/gcc/arm-none-eabi/10.3.1/thumb/v6-m/nofp/crtn.o
                0x0000000008001ddc                . = ALIGN (0x4)
                0x0000000008001ddc                _etext = .

.vfp11_veneer   0x0000000008001ddc        0x0
 .vfp11_veneer  0x0000000008001ddc        0x0 linker stubs

.v4_bx          0x0000000008001ddc        0x0
 .v4_bx         0x0000000008001ddc        0x0 linker stubs

.iplt           0x0000000008001ddc        0x0
 .iplt          0x0000000008001ddc        0x0 c:/st/stm32cubeide_1.12.0/stm32cubeide/plugins/com.st.stm32cube.ide.mcu.externaltools.gnu-tools-for-stm32.10.3-2021.10.win32_1.0.200.202301161003/tools/bin/../lib/gcc/arm-none-eabi/10.3.1/thumb/v6-m/nofp/crtbegin.o

.rodata         0x0000000008001ddc      0x4a4
                0x0000000008001ddc                . = ALIGN (0x4)
 *(.rodata)
 .rodata        0x0000000008001ddc      0x1d4 ./Src/hal.o
 .rodata        0x0000000008001fb0      0x282 ./Src/main.o
 *fill*         0x0000000008002232        0x2 
 .rodata        0x0000000008002234       0x1f ./Src/system.o
 *(.rodata*)
 *fill*         0x0000000008002253        0x1 
 .rodata.__Task_2
                0x0000000008002254       0x2c ./Src/main.o
                0x0000000008002280                . = ALIGN (0x4)

.rel.dyn        0x0000000008002280        0x0
 .rel.iplt      0x0000000008002280        0x0 c:/st/stm32cubeide_1.12.0/stm32cubeide/plugins/com.st.stm32cube.ide.mcu.externaltools.gnu-tools-for-stm32.10.3-2021.10.win32_1.0.200.202301161003/tools/bin/../lib/gcc/arm-none-eabi/10.3.1/thumb/v6-m/nofp/crtbegin.o

.ARM.extab      0x0000000008002280        0x0
                0x0000000008002280                . = ALIGN (0x4)
 *(.ARM.extab* .gnu.linkonce.armextab.*)
                0x0000000008002280                . = ALIGN (0x4)

.ARM            0x0000000008002280        0x0
                0x0000000008002280                . = ALIGN (0x4)
                0x0000000008002280                __exidx_start = .
 *(.ARM.exidx*)
                0x0000000008002280                __exidx_end = .
                0x0000000008002280                . = ALIGN (0x4)

.preinit_array  0x0000000008002280        0x0
                0x0000000008002280                . = ALIGN (0x4)
                0x0000000008002280                PROVIDE (__preinit_array_start = .)
 *(.preinit_array*)
                0x0000000008002280                PROVIDE (__preinit_array_end = .)
                0x0000000008002280                . = ALIGN (0x4)

.init_array     0x0000000008002280        0x4
                0x0000000008002280                . = ALIGN (0x4)
                0x0000000008002280                PROVIDE (__init_array_start = .)
 *(SORT_BY_NAME(.init_array.*))
 *(.init_array*)
 .init_array    0x0000000008002280        0x4 c:/st/stm32cubeide_1.12.0/stm32cubeide/plugins/com.st.stm32cube.ide.mcu.externaltools.gnu-tools-for-stm32.10.3-2021.10.win32_1.0.200.202301161003/tools/bin/../lib/gcc/arm-none-eabi/10.3.1/thumb/v6-m/nofp/crtbegin.o
                0x0000000008002284                PROVIDE (__init_array_end = .)
                0x0000000008002284                . = ALIGN (0x4)

.fini_array     0x0000000008002284        0x4
                0x0000000008002284                . = ALIGN (0x4)
                [!provide]                        PROVIDE (__fini_array_start = .)
 *(SORT_BY_NAME(.fini_array.*))
 *(.fini_array*)
 .fini_array    0x0000000008002284        0x4 c:/st/stm32cubeide_1.12.0/stm32cubeide/plugins/com.st.stm32cube.ide.mcu.externaltools.gnu-tools-for-stm32.10.3-2021.10.win32_1.0.200.202301161003/tools/bin/../lib/gcc/arm-none-eabi/10.3.1/thumb/v6-m/nofp/crtbegin.o
                [!provide]                        PROVIDE (__fini_array_end = .)
                0x0000000008002288                . = ALIGN (0x4)
                0x0000000008002288                _sidata = LOADADDR (.data)

.data           0x0000000020000000       0x28 load address 0x0000000008002288
                0x0000000020000000                . = ALIGN (0x4)
                0x0000000020000000                _sdata = .
 *(.data)
 *(.data*)
 .data.GPIOA    0x0000000020000000        0x4 ./Src/gpio.o
                0x0000000020000000                GPIOA
 .data.GPIOB    0x0000000020000004        0x4 ./Src/gpio.o
                0x0000000020000004                GPIOB
 .data.GPIOC    0x0000000020000008        0x4 ./Src/gpio.o
                0x0000000020000008                GPIOC
 .data.GPIOD    0x000000002000000c        0x4 ./Src/gpio.o
                0x000000002000000c                GPIOD
 .data.GPIOH    0x0000000020000010        0x4 ./Src/gpio.o
                0x0000000020000010                GPIOH
 .data.SPI1     0x0000000020000014        0x4 ./Src/spi.o
                0x0000000020000014                SPI1
 .data.STK      0x0000000020000018        0x4 ./Src/system.o
                0x0000000020000018                STK
 .data.TIM2     0x000000002000001c        0x4 ./Src/system.o
                0x000000002000001c                TIM2
 .data.USART1   0x0000000020000020        0x4 ./Src/usart.o
                0x0000000020000020                USART1
 .data.USART2   0x0000000020000024        0x4 ./Src/usart.o
                0x0000000020000024                USART2
 *(.RamFunc)
 *(.RamFunc*)
                0x0000000020000028                . = ALIGN (0x4)
                0x0000000020000028                _edata = .

.igot.plt       0x0000000020000028        0x0 load address 0x00000000080022b0
 .igot.plt      0x0000000020000028        0x0 c:/st/stm32cubeide_1.12.0/stm32cubeide/plugins/com.st.stm32cube.ide.mcu.externaltools.gnu-tools-for-stm32.10.3-2021.10.win32_1.0.200.202301161003/tools/bin/../lib/gcc/arm-none-eabi/10.3.1/thumb/v6-m/nofp/crtbegin.o
                0x0000000020000028                . = ALIGN (0x4)

.bss            0x0000000020000028     0x1880 load address 0x00000000080022b0
                0x0000000020000028                _sbss = .
                0x0000000020000028                __bss_start__ = _sbss
 *(.bss)
 .bss           0x0000000020000028       0x1c c:/st/stm32cubeide_1.12.0/stm32cubeide/plugins/com.st.stm32cube.ide.mcu.externaltools.gnu-tools-for-stm32.10.3-2021.10.win32_1.0.200.202301161003/tools/bin/../lib/gcc/arm-none-eabi/10.3.1/thumb/v6-m/nofp/crtbegin.o
 *(.bss*)
 .bss.spi_init_done
                0x0000000020000044        0x1 ./Src/hal.o
 .bss.rn4020_is_connect
                0x0000000020000045        0x1 ./Src/hal.o
 .bss.statePre.0
                0x0000000020000046        0x1 ./Src/hal.o
 *fill*         0x0000000020000047        0x1 
 .bss.ble_rx_fifo
                0x0000000020000048        0xc ./Src/main.o
                0x0000000020000048                ble_rx_fifo
 .bss.ble_tx_fifo
                0x0000000020000054        0xc ./Src/main.o
                0x0000000020000054                ble_tx_fifo
 .bss.ble_rx_buffer
                0x0000000020000060      0x400 ./Src/main.o
                0x0000000020000060                ble_rx_buffer
 .bss.ble_tx_buffer
                0x0000000020000460     0x1000 ./Src/main.o
                0x0000000020000460                ble_tx_buffer
 .bss.rx_data   0x0000000020001460      0x400 ./Src/main.o
                0x0000000020001460                rx_data
 .bss.rx_data_index
                0x0000000020001860        0x1 ./Src/main.o
                0x0000000020001860                rx_data_index
 .bss.offset    0x0000000020001861        0x1 ./Src/main.o
                0x0000000020001861                offset
 .bss.gain      0x0000000020001862        0x1 ./Src/main.o
                0x0000000020001862                gain
 .bss.app_cmd_receive_flag
                0x0000000020001863        0x1 ./Src/main.o
                0x0000000020001863                app_cmd_receive_flag
 .bss.msTicks   0x0000000020001864        0x4 ./Src/system.o
 .bss.task_cntrl
                0x0000000020001868       0x3c ./Src/system.o
 .bss.state.0   0x00000000200018a4        0x1 ./Src/system.o
 *(COMMON)
                0x00000000200018a8                . = ALIGN (0x4)
 *fill*         0x00000000200018a5        0x3 
                0x00000000200018a8                _ebss = .
                0x00000000200018a8                __bss_end__ = _ebss

._user_heap_stack
                0x00000000200018a8      0x600 load address 0x00000000080022b0
                0x00000000200018a8                . = ALIGN (0x8)
                [!provide]                        PROVIDE (end = .)
                0x00000000200018a8                PROVIDE (_end = .)
                0x0000000020001aa8                . = (. + _Min_Heap_Size)
 *fill*         0x00000000200018a8      0x200 
                0x0000000020001ea8                . = (. + _Min_Stack_Size)
 *fill*         0x0000000020001aa8      0x400 
                0x0000000020001ea8                . = ALIGN (0x8)

/DISCARD/
 libc.a(*)
 libm.a(*)
 libgcc.a(*)

.ARM.attributes
                0x0000000000000000       0x28
 *(.ARM.attributes)
 .ARM.attributes
                0x0000000000000000       0x1e c:/st/stm32cubeide_1.12.0/stm32cubeide/plugins/com.st.stm32cube.ide.mcu.externaltools.gnu-tools-for-stm32.10.3-2021.10.win32_1.0.200.202301161003/tools/bin/../lib/gcc/arm-none-eabi/10.3.1/thumb/v6-m/nofp/crti.o
 .ARM.attributes
                0x000000000000001e       0x2c c:/st/stm32cubeide_1.12.0/stm32cubeide/plugins/com.st.stm32cube.ide.mcu.externaltools.gnu-tools-for-stm32.10.3-2021.10.win32_1.0.200.202301161003/tools/bin/../lib/gcc/arm-none-eabi/10.3.1/thumb/v6-m/nofp/crtbegin.o
 .ARM.attributes
                0x000000000000004a       0x2c ./Src/adc.o
 .ARM.attributes
                0x0000000000000076       0x2c ./Src/fifo.o
 .ARM.attributes
                0x00000000000000a2       0x2c ./Src/gpio.o
 .ARM.attributes
                0x00000000000000ce       0x2c ./Src/hal.o
 .ARM.attributes
                0x00000000000000fa       0x2c ./Src/main.o
 .ARM.attributes
                0x0000000000000126       0x2c ./Src/spi.o
 .ARM.attributes
                0x0000000000000152       0x2c ./Src/system.o
 .ARM.attributes
                0x000000000000017e       0x2c ./Src/usart.o
 .ARM.attributes
                0x00000000000001aa       0x22 ./Startup/startup_stm32l051r6tx.o
 .ARM.attributes
                0x00000000000001cc       0x2c c:/st/stm32cubeide_1.12.0/stm32cubeide/plugins/com.st.stm32cube.ide.mcu.externaltools.gnu-tools-for-stm32.10.3-2021.10.win32_1.0.200.202301161003/tools/bin/../lib/gcc/arm-none-eabi/10.3.1/../../../../arm-none-eabi/lib/thumb/v6-m/nofp\libc_nano.a(lib_a-init.o)
 .ARM.attributes
                0x00000000000001f8       0x1e c:/st/stm32cubeide_1.12.0/stm32cubeide/plugins/com.st.stm32cube.ide.mcu.externaltools.gnu-tools-for-stm32.10.3-2021.10.win32_1.0.200.202301161003/tools/bin/../lib/gcc/arm-none-eabi/10.3.1/thumb/v6-m/nofp/crtn.o
OUTPUT(Powermeter.elf elf32-littlearm)
LOAD linker stubs
LOAD c:/st/stm32cubeide_1.12.0/stm32cubeide/plugins/com.st.stm32cube.ide.mcu.externaltools.gnu-tools-for-stm32.10.3-2021.10.win32_1.0.200.202301161003/tools/bin/../lib/gcc/arm-none-eabi/10.3.1/../../../../arm-none-eabi/lib/thumb/v6-m/nofp\libc.a
LOAD c:/st/stm32cubeide_1.12.0/stm32cubeide/plugins/com.st.stm32cube.ide.mcu.externaltools.gnu-tools-for-stm32.10.3-2021.10.win32_1.0.200.202301161003/tools/bin/../lib/gcc/arm-none-eabi/10.3.1/../../../../arm-none-eabi/lib/thumb/v6-m/nofp\libm.a
LOAD c:/st/stm32cubeide_1.12.0/stm32cubeide/plugins/com.st.stm32cube.ide.mcu.externaltools.gnu-tools-for-stm32.10.3-2021.10.win32_1.0.200.202301161003/tools/bin/../lib/gcc/arm-none-eabi/10.3.1/thumb/v6-m/nofp\libgcc.a

.debug_info     0x0000000000000000     0x3ccc
 .debug_info    0x0000000000000000      0x534 ./Src/adc.o
 .debug_info    0x0000000000000534      0x239 ./Src/fifo.o
 .debug_info    0x000000000000076d      0x4ad ./Src/gpio.o
 .debug_info    0x0000000000000c1a      0xed6 ./Src/hal.o
 .debug_info    0x0000000000001af0      0x6f9 ./Src/main.o
 .debug_info    0x00000000000021e9      0x6ae ./Src/spi.o
 .debug_info    0x0000000000002897      0xbc4 ./Src/system.o
 .debug_info    0x000000000000345b      0x84f ./Src/usart.o
 .debug_info    0x0000000000003caa       0x22 ./Startup/startup_stm32l051r6tx.o

.debug_abbrev   0x0000000000000000      0xdf1
 .debug_abbrev  0x0000000000000000      0x156 ./Src/adc.o
 .debug_abbrev  0x0000000000000156      0x111 ./Src/fifo.o
 .debug_abbrev  0x0000000000000267      0x140 ./Src/gpio.o
 .debug_abbrev  0x00000000000003a7      0x273 ./Src/hal.o
 .debug_abbrev  0x000000000000061a      0x20d ./Src/main.o
 .debug_abbrev  0x0000000000000827      0x190 ./Src/spi.o
 .debug_abbrev  0x00000000000009b7      0x24f ./Src/system.o
 .debug_abbrev  0x0000000000000c06      0x1d9 ./Src/usart.o
 .debug_abbrev  0x0000000000000ddf       0x12 ./Startup/startup_stm32l051r6tx.o

.debug_aranges  0x0000000000000000      0x268
 .debug_aranges
                0x0000000000000000       0x38 ./Src/adc.o
 .debug_aranges
                0x0000000000000038       0x38 ./Src/fifo.o
 .debug_aranges
                0x0000000000000070       0x38 ./Src/gpio.o
 .debug_aranges
                0x00000000000000a8       0x80 ./Src/hal.o
 .debug_aranges
                0x0000000000000128       0x40 ./Src/main.o
 .debug_aranges
                0x0000000000000168       0x38 ./Src/spi.o
 .debug_aranges
                0x00000000000001a0       0x60 ./Src/system.o
 .debug_aranges
                0x0000000000000200       0x40 ./Src/usart.o
 .debug_aranges
                0x0000000000000240       0x28 ./Startup/startup_stm32l051r6tx.o

.debug_ranges   0x0000000000000000      0x1e0
 .debug_ranges  0x0000000000000000       0x28 ./Src/adc.o
 .debug_ranges  0x0000000000000028       0x28 ./Src/fifo.o
 .debug_ranges  0x0000000000000050       0x28 ./Src/gpio.o
 .debug_ranges  0x0000000000000078       0x70 ./Src/hal.o
 .debug_ranges  0x00000000000000e8       0x30 ./Src/main.o
 .debug_ranges  0x0000000000000118       0x28 ./Src/spi.o
 .debug_ranges  0x0000000000000140       0x50 ./Src/system.o
 .debug_ranges  0x0000000000000190       0x30 ./Src/usart.o
 .debug_ranges  0x00000000000001c0       0x20 ./Startup/startup_stm32l051r6tx.o

.debug_macro    0x0000000000000000     0x1a4a
 .debug_macro   0x0000000000000000       0x99 ./Src/adc.o
 .debug_macro   0x0000000000000099      0xa54 ./Src/adc.o
 .debug_macro   0x0000000000000aed       0x22 ./Src/adc.o
 .debug_macro   0x0000000000000b0f       0x8e ./Src/adc.o
 .debug_macro   0x0000000000000b9d       0x51 ./Src/adc.o
 .debug_macro   0x0000000000000bee      0x103 ./Src/adc.o
 .debug_macro   0x0000000000000cf1       0x6a ./Src/adc.o
 .debug_macro   0x0000000000000d5b      0x1df ./Src/adc.o
 .debug_macro   0x0000000000000f3a      0x163 ./Src/adc.o
 .debug_macro   0x000000000000109d       0xa7 ./Src/adc.o
 .debug_macro   0x0000000000001144       0x5e ./Src/adc.o
 .debug_macro   0x00000000000011a2       0x6a ./Src/adc.o
 .debug_macro   0x000000000000120c       0x6d ./Src/fifo.o
 .debug_macro   0x0000000000001279       0x8e ./Src/gpio.o
 .debug_macro   0x0000000000001307       0x58 ./Src/gpio.o
 .debug_macro   0x000000000000135f       0xb4 ./Src/hal.o
 .debug_macro   0x0000000000001413       0xee ./Src/hal.o
 .debug_macro   0x0000000000001501       0x5e ./Src/hal.o
 .debug_macro   0x000000000000155f       0x70 ./Src/hal.o
 .debug_macro   0x00000000000015cf       0xf4 ./Src/main.o
 .debug_macro   0x00000000000016c3       0x99 ./Src/spi.o
 .debug_macro   0x000000000000175c       0x58 ./Src/spi.o
 .debug_macro   0x00000000000017b4       0xa5 ./Src/system.o
 .debug_macro   0x0000000000001859       0xe8 ./Src/system.o
 .debug_macro   0x0000000000001941       0x70 ./Src/system.o
 .debug_macro   0x00000000000019b1       0x99 ./Src/usart.o

.debug_line     0x0000000000000000     0x2c3d
 .debug_line    0x0000000000000000      0x4c9 ./Src/adc.o
 .debug_line    0x00000000000004c9      0x464 ./Src/fifo.o
 .debug_line    0x000000000000092d      0x523 ./Src/gpio.o
 .debug_line    0x0000000000000e50      0x7a6 ./Src/hal.o
 .debug_line    0x00000000000015f6      0x57d ./Src/main.o
 .debug_line    0x0000000000001b73      0x54c ./Src/spi.o
 .debug_line    0x00000000000020bf      0x57f ./Src/system.o
 .debug_line    0x000000000000263e      0x57b ./Src/usart.o
 .debug_line    0x0000000000002bb9       0x84 ./Startup/startup_stm32l051r6tx.o

.debug_str      0x0000000000000000     0x67b4
 .debug_str     0x0000000000000000     0x5166 ./Src/adc.o
                                       0x52d3 (size before relaxing)
 .debug_str     0x0000000000005166       0x9d ./Src/fifo.o
                                       0x3bce (size before relaxing)
 .debug_str     0x0000000000005203       0x76 ./Src/gpio.o
                                       0x4ea8 (size before relaxing)
 .debug_str     0x0000000000005279     0x111b ./Src/hal.o
                                       0x63fa (size before relaxing)
 .debug_str     0x0000000000006394      0x1d1 ./Src/main.o
                                       0x5da1 (size before relaxing)
 .debug_str     0x0000000000006565       0x56 ./Src/spi.o
                                       0x52ac (size before relaxing)
 .debug_str     0x00000000000065bb      0x17c ./Src/system.o
                                       0x5d1c (size before relaxing)
 .debug_str     0x0000000000006737       0x4c ./Src/usart.o
                                       0x580a (size before relaxing)
 .debug_str     0x0000000000006783       0x31 ./Startup/startup_stm32l051r6tx.o
                                         0x6f (size before relaxing)

.comment        0x0000000000000000       0x50
 .comment       0x0000000000000000       0x50 ./Src/adc.o
                                         0x51 (size before relaxing)
 .comment       0x0000000000000050       0x51 ./Src/fifo.o
 .comment       0x0000000000000050       0x51 ./Src/gpio.o
 .comment       0x0000000000000050       0x51 ./Src/hal.o
 .comment       0x0000000000000050       0x51 ./Src/main.o
 .comment       0x0000000000000050       0x51 ./Src/spi.o
 .comment       0x0000000000000050       0x51 ./Src/system.o
 .comment       0x0000000000000050       0x51 ./Src/usart.o

.debug_frame    0x0000000000000000      0x688
 .debug_frame   0x0000000000000000       0x8c ./Src/adc.o
 .debug_frame   0x000000000000008c       0x90 ./Src/fifo.o
 .debug_frame   0x000000000000011c       0x90 ./Src/gpio.o
 .debug_frame   0x00000000000001ac      0x1ac ./Src/hal.o
 .debug_frame   0x0000000000000358       0xac ./Src/main.o
 .debug_frame   0x0000000000000404       0x8c ./Src/spi.o
 .debug_frame   0x0000000000000490      0x120 ./Src/system.o
 .debug_frame   0x00000000000005b0       0xac ./Src/usart.o
 .debug_frame   0x000000000000065c       0x2c c:/st/stm32cubeide_1.12.0/stm32cubeide/plugins/com.st.stm32cube.ide.mcu.externaltools.gnu-tools-for-stm32.10.3-2021.10.win32_1.0.200.202301161003/tools/bin/../lib/gcc/arm-none-eabi/10.3.1/../../../../arm-none-eabi/lib/thumb/v6-m/nofp\libc_nano.a(lib_a-init.o)
